// Jest Snapshot v1, https://goo.gl/fbAQLP

exports[`Character snapshot testing should match snapshot 1`] = `
Array [
  " ",
  <RCTSafeAreaView
    style={
      Array [
        Object {
          "paddingBottom": 32,
        },
      ]
    }
  >
    <RCTSafeAreaView
      style={
        Array [
          Object {
            "paddingBottom": 32,
          },
        ]
      }
    >
      <View
        style={
          Array [
            Object {
              "flexDirection": "row",
              "marginBottom": 16,
              "paddingBottom": 0,
              "paddingLeft": 16,
              "paddingRight": 16,
              "paddingTop": 0,
            },
          ]
        }
      >
        <View
          style={
            Array [
              Object {
                "alignItems": "center",
                "flexBasis": 0,
                "flexDirection": "row",
                "flexGrow": 1,
                "flexShrink": 1,
                "justifyContent": "center",
              },
            ]
          }
        >
          <Image
            source={
              Object {
                "testUri": "../../../src/assets/icon.png",
              }
            }
            style={
              Array [
                Object {
                  "height": 30,
                  "width": 30,
                },
              ]
            }
          />
          <Text
            style={
              Array [
                Object {
                  "fontFamily": "Roboto-Bold",
                  "fontSize": 20,
                },
              ]
            }
          >
            Rick and Morty
          </Text>
          <View
            accessible={true}
            collapsable={false}
            focusable={true}
            onBlur={[Function]}
            onClick={[Function]}
            onFocus={[Function]}
            onResponderGrant={[Function]}
            onResponderMove={[Function]}
            onResponderRelease={[Function]}
            onResponderTerminate={[Function]}
            onResponderTerminationRequest={[Function]}
            onStartShouldSetResponder={[Function]}
          >
            <Text
              allowFontScaling={false}
              selectable={false}
              style={
                Array [
                  Object {
                    "color": "black",
                    "fontSize": 25,
                  },
                  undefined,
                  Object {
                    "fontFamily": "Material Icons",
                    "fontStyle": "normal",
                    "fontWeight": "normal",
                  },
                  Object {},
                ]
              }
            >
              î…’
            </Text>
          </View>
        </View>
      </View>
      <RCTScrollView
        ItemSeparatorComponent={[Function]}
        ListFooterComponent={null}
        data={
          Array [
            Object {
              "created": "date",
              "episode": Array [
                "555",
                "episode",
              ],
              "gender": "M",
              "id": "789",
              "image": "https://url.com",
              "location": Object {
                "name": "Location",
                "url": "url",
              },
              "name": "Ricky",
              "origin": Object {
                "name": "Name",
                "url": "url",
              },
              "species": "Alien",
              "status": "Morty",
              "type": "Human",
              "url": "url",
            },
            Object {
              "created": "date",
              "episode": Array [
                "555",
                "episode",
              ],
              "gender": "M",
              "id": "452",
              "image": "https://url.com",
              "location": Object {
                "name": "Location",
                "url": "url",
              },
              "name": "Ricky",
              "origin": Object {
                "name": "Name",
                "url": "url",
              },
              "species": "Alien",
              "status": "Morty",
              "type": "Human",
              "url": "url",
            },
          ]
        }
        getItem={[Function]}
        getItemCount={[Function]}
        keyExtractor={[Function]}
        onContentSizeChange={[Function]}
        onEndReached={[Function]}
        onEndReachedThreshold={0.5}
        onLayout={[Function]}
        onMomentumScrollBegin={[Function]}
        onMomentumScrollEnd={[Function]}
        onScroll={[Function]}
        onScrollBeginDrag={[Function]}
        onScrollEndDrag={[Function]}
        removeClippedSubviews={false}
        renderItem={[Function]}
        scrollEventThrottle={50}
        stickyHeaderIndices={Array []}
        viewabilityConfigCallbackPairs={Array []}
      >
        <View>
          <View
            onLayout={[Function]}
            style={null}
          >
            <View
              accessible={true}
              collapsable={false}
              focusable={true}
              onBlur={[Function]}
              onClick={[Function]}
              onFocus={[Function]}
              onResponderGrant={[Function]}
              onResponderMove={[Function]}
              onResponderRelease={[Function]}
              onResponderTerminate={[Function]}
              onResponderTerminationRequest={[Function]}
              onStartShouldSetResponder={[Function]}
              style={
                Array [
                  Object {
                    "alignItems": "center",
                    "backgroundColor": "#e4a788",
                    "borderRadius": 16,
                    "flexDirection": "row",
                    "marginBottom": 0,
                    "marginLeft": 8,
                    "marginRight": 8,
                    "marginTop": 0,
                    "paddingBottom": 8,
                    "paddingLeft": 8,
                    "paddingRight": 8,
                    "paddingTop": 8,
                  },
                ]
              }
            >
              <View
                style={
                  Array [
                    Object {
                      "overflow": "hidden",
                    },
                    Array [
                      Object {
                        "borderRadius": 65,
                        "height": 60,
                        "width": 60,
                        "zIndex": 1,
                      },
                    ],
                  ]
                }
              >
                <FastImageView
                  defaultSource={null}
                  resizeMode="cover"
                  source={
                    Object {
                      "uri": "https://url.com",
                    }
                  }
                  style={
                    Object {
                      "bottom": 0,
                      "left": 0,
                      "position": "absolute",
                      "right": 0,
                      "top": 0,
                    }
                  }
                />
              </View>
              <View
                style={
                  Array [
                    Object {
                      "flexBasis": 0,
                      "flexGrow": 1,
                      "flexShrink": 1,
                      "justifyContent": "space-between",
                    },
                  ]
                }
              >
                <View
                  style={
                    Array [
                      Object {
                        "flexDirection": "row",
                        "marginLeft": 16,
                      },
                    ]
                  }
                >
                  <Text>
                    <Text
                      style={
                        Array [
                          Object {
                            "fontFamily": "Roboto-Bold",
                          },
                        ]
                      }
                    >
                      #
                      789
                       
                    </Text>
                    <Text
                      style={
                        Array [
                          Object {
                            "fontFamily": "Roboto-Medium",
                            "marginLeft": 8,
                          },
                        ]
                      }
                    >
                      Ricky
                    </Text>
                  </Text>
                </View>
                <View
                  style={
                    Array [
                      Object {
                        "flexDirection": "row",
                        "marginLeft": 16,
                      },
                    ]
                  }
                >
                  <View
                    style={
                      Array [
                        Object {
                          "backgroundColor": "#f0e14a",
                          "borderRadius": 8,
                          "marginRight": 8,
                          "marginTop": 8,
                          "paddingBottom": 8,
                          "paddingLeft": 8,
                          "paddingRight": 8,
                          "paddingTop": 8,
                        },
                      ]
                    }
                  >
                    <Text>
                      Morty
                    </Text>
                  </View>
                  <View
                    style={
                      Array [
                        Object {
                          "backgroundColor": "#f0e14a",
                          "borderRadius": 8,
                          "marginRight": 8,
                          "marginTop": 8,
                          "paddingBottom": 8,
                          "paddingLeft": 8,
                          "paddingRight": 8,
                          "paddingTop": 8,
                        },
                      ]
                    }
                  >
                    <Text>
                      Alien
                    </Text>
                  </View>
                  <View
                    accessible={true}
                    collapsable={false}
                    focusable={false}
                    onClick={[Function]}
                    onResponderGrant={[Function]}
                    onResponderMove={[Function]}
                    onResponderRelease={[Function]}
                    onResponderTerminate={[Function]}
                    onResponderTerminationRequest={[Function]}
                    onStartShouldSetResponder={[Function]}
                    style={
                      Object {
                        "marginRight": 8,
                        "marginTop": 8,
                        "opacity": 1,
                        "paddingBottom": 8,
                        "paddingLeft": 8,
                        "paddingRight": 8,
                        "paddingTop": 8,
                      }
                    }
                  >
                    <Text
                      allowFontScaling={false}
                      onPress={[Function]}
                      selectable={false}
                      style={
                        Array [
                          Object {
                            "color": undefined,
                            "fontSize": 20,
                          },
                          undefined,
                          Object {
                            "fontFamily": "FontAwesome",
                            "fontStyle": "normal",
                            "fontWeight": "normal",
                          },
                          Object {},
                        ]
                      }
                    >
                      ï€„
                    </Text>
                  </View>
                </View>
              </View>
              <Text
                allowFontScaling={false}
                selectable={false}
                style={
                  Array [
                    Object {
                      "color": undefined,
                      "fontSize": 20,
                    },
                    undefined,
                    Object {
                      "fontFamily": "FontAwesome",
                      "fontStyle": "normal",
                      "fontWeight": "normal",
                    },
                    Object {},
                  ]
                }
              >
                ï„…
              </Text>
            </View>
            <View
              style={
                Array [
                  Object {
                    "height": 8,
                  },
                ]
              }
            />
          </View>
          <View
            onLayout={[Function]}
            style={null}
          >
            <View
              accessible={true}
              collapsable={false}
              focusable={true}
              onBlur={[Function]}
              onClick={[Function]}
              onFocus={[Function]}
              onResponderGrant={[Function]}
              onResponderMove={[Function]}
              onResponderRelease={[Function]}
              onResponderTerminate={[Function]}
              onResponderTerminationRequest={[Function]}
              onStartShouldSetResponder={[Function]}
              style={
                Array [
                  Object {
                    "alignItems": "center",
                    "backgroundColor": "#e4a788",
                    "borderRadius": 16,
                    "flexDirection": "row",
                    "marginBottom": 0,
                    "marginLeft": 8,
                    "marginRight": 8,
                    "marginTop": 0,
                    "paddingBottom": 8,
                    "paddingLeft": 8,
                    "paddingRight": 8,
                    "paddingTop": 8,
                  },
                ]
              }
            >
              <View
                style={
                  Array [
                    Object {
                      "overflow": "hidden",
                    },
                    Array [
                      Object {
                        "borderRadius": 65,
                        "height": 60,
                        "width": 60,
                        "zIndex": 1,
                      },
                    ],
                  ]
                }
              >
                <FastImageView
                  defaultSource={null}
                  resizeMode="cover"
                  source={
                    Object {
                      "uri": "https://url.com",
                    }
                  }
                  style={
                    Object {
                      "bottom": 0,
                      "left": 0,
                      "position": "absolute",
                      "right": 0,
                      "top": 0,
                    }
                  }
                />
              </View>
              <View
                style={
                  Array [
                    Object {
                      "flexBasis": 0,
                      "flexGrow": 1,
                      "flexShrink": 1,
                      "justifyContent": "space-between",
                    },
                  ]
                }
              >
                <View
                  style={
                    Array [
                      Object {
                        "flexDirection": "row",
                        "marginLeft": 16,
                      },
                    ]
                  }
                >
                  <Text>
                    <Text
                      style={
                        Array [
                          Object {
                            "fontFamily": "Roboto-Bold",
                          },
                        ]
                      }
                    >
                      #
                      452
                       
                    </Text>
                    <Text
                      style={
                        Array [
                          Object {
                            "fontFamily": "Roboto-Medium",
                            "marginLeft": 8,
                          },
                        ]
                      }
                    >
                      Ricky
                    </Text>
                  </Text>
                </View>
                <View
                  style={
                    Array [
                      Object {
                        "flexDirection": "row",
                        "marginLeft": 16,
                      },
                    ]
                  }
                >
                  <View
                    style={
                      Array [
                        Object {
                          "backgroundColor": "#f0e14a",
                          "borderRadius": 8,
                          "marginRight": 8,
                          "marginTop": 8,
                          "paddingBottom": 8,
                          "paddingLeft": 8,
                          "paddingRight": 8,
                          "paddingTop": 8,
                        },
                      ]
                    }
                  >
                    <Text>
                      Morty
                    </Text>
                  </View>
                  <View
                    style={
                      Array [
                        Object {
                          "backgroundColor": "#f0e14a",
                          "borderRadius": 8,
                          "marginRight": 8,
                          "marginTop": 8,
                          "paddingBottom": 8,
                          "paddingLeft": 8,
                          "paddingRight": 8,
                          "paddingTop": 8,
                        },
                      ]
                    }
                  >
                    <Text>
                      Alien
                    </Text>
                  </View>
                  <View
                    accessible={true}
                    collapsable={false}
                    focusable={false}
                    onClick={[Function]}
                    onResponderGrant={[Function]}
                    onResponderMove={[Function]}
                    onResponderRelease={[Function]}
                    onResponderTerminate={[Function]}
                    onResponderTerminationRequest={[Function]}
                    onStartShouldSetResponder={[Function]}
                    style={
                      Object {
                        "marginRight": 8,
                        "marginTop": 8,
                        "opacity": 1,
                        "paddingBottom": 8,
                        "paddingLeft": 8,
                        "paddingRight": 8,
                        "paddingTop": 8,
                      }
                    }
                  >
                    <Text
                      allowFontScaling={false}
                      onPress={[Function]}
                      selectable={false}
                      style={
                        Array [
                          Object {
                            "color": undefined,
                            "fontSize": 20,
                          },
                          undefined,
                          Object {
                            "fontFamily": "FontAwesome",
                            "fontStyle": "normal",
                            "fontWeight": "normal",
                          },
                          Object {},
                        ]
                      }
                    >
                      ï€„
                    </Text>
                  </View>
                </View>
              </View>
              <Text
                allowFontScaling={false}
                selectable={false}
                style={
                  Array [
                    Object {
                      "color": undefined,
                      "fontSize": 20,
                    },
                    undefined,
                    Object {
                      "fontFamily": "FontAwesome",
                      "fontStyle": "normal",
                      "fontWeight": "normal",
                    },
                    Object {},
                  ]
                }
              >
                ï„…
              </Text>
            </View>
          </View>
        </View>
      </RCTScrollView>
    </RCTSafeAreaView>
  </RCTSafeAreaView>,
  " ",
]
`;
